LineBreakpoint created at smartStepIntoFunWithDestructuring.kt:5
Run Java
Connected to the target VM
smartStepIntoFunWithDestructuring.kt:5
smartStepIntoFunWithDestructuring.kt:9
Disconnected from the target VM

Process finished with exit code 0
